// Jest Snapshot v1, https://goo.gl/fbAQLP

exports[`Films Render 1`] = `
<article
  className="small-movie-card catalog__movies-card"
  onMouseOut={[Function]}
  onMouseOver={[Function]}
>
  <div
    className="small-movie-card__image"
  >
    <video
      height="175"
      muted="muted"
      width="280"
    >
      <source />
    </video>
  </div>
  <h3
    className="small-movie-card__title"
  >
    <a
      className="small-movie-card__link"
      href="#"
      onClick={[Function]}
    />
  </h3>
</article>
`;
